// Jest Snapshot v1, https://goo.gl/fbAQLP

exports[`Main page. matches snapshot 1`] = `null`;
