// Jest Snapshot v1, https://goo.gl/fbAQLP

exports[`Hot List component matches snapshot 1`] = `
<div
  className="sc-fzoXWK TxTJZ"
>
  <div
    className="sc-AxgMl danYDG"
  >
    <h2
      className="sc-AxirZ eWTEun"
      fontFamily="heading"
      fontSize={
        Array [
          4,
          4,
          5,
          5,
        ]
      }
    >
      Lagi hot!! ðŸ”¥ðŸ”¥ðŸ”¥
    </h2>
    <div
      className="sc-fzpmMD jIjIjJ"
      display="flex"
    >
      <div
        className="sc-AxmLO clDedP"
        display="flex"
        overflow="hidden"
        width={
          Array [
            0.9,
            0.45,
            0.4,
          ]
        }
      >
        <div
          style={
            Object {
              "width": "100%",
            }
          }
        >
          <div
            className="sc-fzpans cWuRwg"
            height={
              Array [
                "auto",
              ]
            }
            overflow="hidden"
            width={
              Array [
                1,
              ]
            }
          >
            <img
              alt="Handsome boy"
              src="https://res.cloudinary.com/dsvdffre0/image/upload/v1595340453/ovmhcixqqpfjla4mxovf.jpg"
            />
          </div>
          <div
            className="sc-fzozJi deZYli"
            display="flex"
            width={1}
          >
            <h3
              className="sc-AxiKw dsegVB"
              fontFamily="heading"
              fontSize={
                Array [
                  3,
                  3,
                  4,
                  4,
                ]
              }
            >
              Rumah 1
            </h3>
            <p
              className="sc-AxhUy iPnAqk"
              fontFamily="body"
              fontSize={
                Array [
                  1,
                  1,
                  2,
                  2,
                ]
              }
            >
              jalan Mangga 24 blok G nomor 167
            </p>
            <div
              className="sc-fzoLsD kMKfsv"
              display="flex"
              width={1}
            >
              <span
                className="sc-Axmtr jcmgys"
                color="dark.3"
                fontFamily="body"
                fontSize={
                  Array [
                    1,
                    1,
                    2,
                    2,
                  ]
                }
                onClick={[Function]}
                onKeyDown={[Function]}
                role="button"
                tabIndex={1}
              >
                Jual
              </span>
            </div>
          </div>
        </div>
        <div
          className="sc-fzozJi bngyJH"
          width={1}
        >
          <button
            className="sc-AxheI eICHae"
            fontFamily="body"
            fontSize={
              Array [
                1,
                1,
                2,
                2,
              ]
            }
            fontWeight="bold"
            onClick={[Function]}
            width={
              Array [
                1,
              ]
            }
          >
            More info
          </button>
        </div>
      </div>
      <div
        className="sc-AxmLO clDedP"
        display="flex"
        overflow="hidden"
        width={
          Array [
            0.9,
            0.45,
            0.4,
          ]
        }
      >
        <div
          style={
            Object {
              "width": "100%",
            }
          }
        >
          <div
            className="sc-fzpans cWuRwg"
            height={
              Array [
                "auto",
              ]
            }
            overflow="hidden"
            width={
              Array [
                1,
              ]
            }
          >
            <img
              alt="Lakers logo"
              src="https://res.cloudinary.com/dsvdffre0/image/upload/v1596031267/w3ufcacls7mqfmhbwpe4.png"
            />
          </div>
          <div
            className="sc-fzozJi deZYli"
            display="flex"
            width={1}
          >
            <h3
              className="sc-AxiKw dsegVB"
              fontFamily="heading"
              fontSize={
                Array [
                  3,
                  3,
                  4,
                  4,
                ]
              }
            >
              Rumah 2
            </h3>
            <p
              className="sc-AxhUy iPnAqk"
              fontFamily="body"
              fontSize={
                Array [
                  1,
                  1,
                  2,
                  2,
                ]
              }
            >
              jalan Mangga 25 blok F nomor 167
            </p>
            <div
              className="sc-fzoLsD kMKfsv"
              display="flex"
              width={1}
            >
              <span
                className="sc-Axmtr hFDSlT"
                color="dark.3"
                fontFamily="body"
                fontSize={
                  Array [
                    1,
                    1,
                    2,
                    2,
                  ]
                }
                onClick={[Function]}
                onKeyDown={[Function]}
                role="button"
                tabIndex={1}
              >
                Sewa
              </span>
            </div>
          </div>
        </div>
        <div
          className="sc-fzozJi bngyJH"
          width={1}
        >
          <button
            className="sc-AxheI eICHae"
            fontFamily="body"
            fontSize={
              Array [
                1,
                1,
                2,
                2,
              ]
            }
            fontWeight="bold"
            onClick={[Function]}
            width={
              Array [
                1,
              ]
            }
          >
            More info
          </button>
        </div>
      </div>
      <div
        className="sc-AxmLO clDedP"
        display="flex"
        overflow="hidden"
        width={
          Array [
            0.9,
            0.45,
            0.4,
          ]
        }
      >
        <div
          style={
            Object {
              "width": "100%",
            }
          }
        >
          <div
            className="sc-fzpans cWuRwg"
            height={
              Array [
                "auto",
              ]
            }
            overflow="hidden"
            width={
              Array [
                1,
              ]
            }
          >
            <img
              alt="No image provided"
              src="/"
            />
          </div>
          <div
            className="sc-fzozJi deZYli"
            display="flex"
            width={1}
          >
            <h3
              className="sc-AxiKw dsegVB"
              fontFamily="heading"
              fontSize={
                Array [
                  3,
                  3,
                  4,
                  4,
                ]
              }
            >
              Apartment 2
            </h3>
            <p
              className="sc-AxhUy iPnAqk"
              fontFamily="body"
              fontSize={
                Array [
                  1,
                  1,
                  2,
                  2,
                ]
              }
            >
              jalan Mangga 25 blok F nomor 167
            </p>
            <div
              className="sc-fzoLsD kMKfsv"
              display="flex"
              width={1}
            >
              <span
                className="sc-Axmtr hFDSlT"
                color="dark.3"
                fontFamily="body"
                fontSize={
                  Array [
                    1,
                    1,
                    2,
                    2,
                  ]
                }
                onClick={[Function]}
                onKeyDown={[Function]}
                role="button"
                tabIndex={1}
              >
                Sewa
              </span>
            </div>
          </div>
        </div>
        <div
          className="sc-fzozJi bngyJH"
          width={1}
        >
          <button
            className="sc-AxheI eICHae"
            fontFamily="body"
            fontSize={
              Array [
                1,
                1,
                2,
                2,
              ]
            }
            fontWeight="bold"
            onClick={[Function]}
            width={
              Array [
                1,
              ]
            }
          >
            More info
          </button>
        </div>
      </div>
    </div>
  </div>
</div>
`;
