// Jest Snapshot v1, https://goo.gl/fbAQLP

exports[`Navigation component matches snapshot 1`] = `
<nav
  className="sc-fznyAO hmqind"
  width={1}
>
  <div
    className="sc-AxgMl eKbbri"
    display="flex"
    width={1}
  >
    <svg
      fill="none"
      height="1em"
      id="logo"
      viewBox="0 0 329 99"
      width="1em"
    >
      <path
        d="M65.272 74.24c-1.707 3.84-3.925 7.253-6.656 10.24a44.386 44.386 0 01-9.088 7.424 40.124 40.124 0 01-10.752 4.608 45.022 45.022 0 01-11.648 1.536c-8.363 0-14.848-2.475-19.456-7.424C3.064 85.589.76 77.611.76 66.688c0-3.84.299-8.15.896-12.928a99.296 99.296 0 013.2-14.592 90.597 90.597 0 015.632-14.464c2.304-4.693 5.12-8.875 8.448-12.544a39.345 39.345 0 0111.648-8.832C35.107 1.109 40.227 0 45.944 0c2.816 0 5.504.341 8.064 1.024 2.56.597 4.779 1.579 6.656 2.944 1.877 1.365 3.37 3.157 4.48 5.376 1.11 2.219 1.664 4.907 1.664 8.064 0 3.243-.683 5.973-2.048 8.192-1.365 2.219-3.67 3.328-6.912 3.328-1.024 0-2.219-.17-3.584-.512-1.28-.427-2.517-1.365-3.712-2.816 1.536-.768 2.901-2.304 4.096-4.608 1.195-2.39 1.792-4.736 1.792-7.04 0-2.133-.597-3.968-1.792-5.504-1.195-1.621-3.03-2.432-5.504-2.432-2.475 0-4.864.896-7.168 2.688-2.304 1.707-4.48 4.053-6.528 7.04-1.963 2.901-3.797 6.357-5.504 10.368-1.621 3.925-3.03 8.107-4.224 12.544a113.63 113.63 0 00-2.816 13.44c-.597 4.608-.896 9.045-.896 13.312 0 3.072.213 5.888.64 8.448.427 2.56 1.195 4.779 2.304 6.656 1.11 1.877 2.645 3.328 4.608 4.352 2.048 1.024 4.608 1.536 7.68 1.536 4.864 0 9.515-1.195 13.952-3.584a34.293 34.293 0 0011.136-9.856l2.944 1.28zm30.059-42.88c10.752 0 16.213 6.699 16.384 20.096.341.085.811.128 1.408.128 1.451 0 3.029-.213 4.736-.64a37.51 37.51 0 005.248-1.664 47.704 47.704 0 005.12-2.56 54.454 54.454 0 004.608-2.816l1.152 3.456c-2.475 2.645-5.717 4.907-9.728 6.784-3.925 1.792-8.192 3.072-12.8 3.84-.512 5.973-1.664 11.35-3.456 16.128-1.792 4.779-4.053 8.875-6.784 12.288-2.73 3.328-5.845 5.888-9.344 7.68a24.093 24.093 0 01-11.136 2.688c-2.987 0-5.76-.341-8.32-1.024-2.475-.768-4.608-1.963-6.4-3.584-1.792-1.621-3.2-3.712-4.224-6.272s-1.536-5.675-1.536-9.344c0-2.475.256-5.29.768-8.448.512-3.157 1.323-6.4 2.432-9.728a60.258 60.258 0 014.48-9.856 38.723 38.723 0 016.528-8.704 31.616 31.616 0 019.088-6.144c3.413-1.536 7.339-2.304 11.776-2.304zm-9.472 53.376c1.536 0 3.072-.64 4.608-1.92 1.621-1.365 3.072-3.2 4.352-5.504 1.365-2.39 2.56-5.205 3.584-8.448 1.024-3.243 1.792-6.741 2.304-10.496-1.365-.341-2.304-.981-2.816-1.92-.427-1.024-.64-2.176-.64-3.456 0-1.792.341-3.243 1.024-4.352.768-1.195 1.749-2.005 2.944-2.432-.171-2.645-.64-4.48-1.408-5.504-.683-1.11-1.835-1.664-3.456-1.664-2.304 0-4.48 1.28-6.528 3.84-2.048 2.475-3.84 5.547-5.376 9.216-1.536 3.584-2.773 7.424-3.712 11.52-.939 4.01-1.408 7.595-1.408 10.752 0 2.133.085 3.883.256 5.248.256 1.28.64 2.304 1.152 3.072a4.35 4.35 0 002.048 1.664c.853.256 1.877.384 3.072.384zm69.306-35.072c0-4.352-1.536-6.528-4.608-6.528-2.304 0-4.309 1.152-6.016 3.456-1.707 2.304-3.029 5.077-3.968 8.32L131.869 96h-18.432l13.568-64h18.432l-1.408 6.656c2.731-3.072 5.419-5.035 8.064-5.888 2.645-.853 4.949-1.28 6.912-1.28 4.096 0 7.467 1.152 10.112 3.456 2.731 2.219 4.096 5.888 4.096 11.008 0 2.56-.341 5.419-1.024 8.576a178.009 178.009 0 01-2.048 9.216c-.768 2.987-1.493 5.845-2.176 8.576-.597 2.645-.896 4.864-.896 6.656 0 1.621.341 2.944 1.024 3.968.768.939 2.133 1.408 4.096 1.408 1.365 0 2.56-.256 3.584-.768a9.28 9.28 0 002.816-2.304c.853-1.024 1.621-2.219 2.304-3.584a61.024 61.024 0 002.048-4.608h5.376c-1.792 5.29-3.712 9.515-5.76 12.672-2.048 3.072-4.139 5.419-6.272 7.04-2.133 1.621-4.224 2.688-6.272 3.2-1.963.512-3.797.768-5.504.768-2.816 0-5.205-.384-7.168-1.152-1.877-.853-3.413-1.963-4.608-3.328a12.285 12.285 0 01-2.56-4.608 19.488 19.488 0 01-.768-5.376c0-2.133.299-4.65.896-7.552a332.86 332.86 0 011.92-8.96 209.226 209.226 0 002.048-8.704c.597-2.901.896-5.376.896-7.424zm64.625 0c0-4.352-1.536-6.528-4.608-6.528-2.304 0-4.309 1.152-6.016 3.456-1.707 2.304-3.029 5.077-3.968 8.32L196.494 96h-18.432l13.568-64h18.432l-1.408 6.656c2.731-3.072 5.419-5.035 8.064-5.888 2.645-.853 4.949-1.28 6.912-1.28 4.096 0 7.467 1.152 10.112 3.456 2.731 2.219 4.096 5.888 4.096 11.008 0 2.56-.341 5.419-1.024 8.576a178.009 178.009 0 01-2.048 9.216c-.768 2.987-1.493 5.845-2.176 8.576-.597 2.645-.896 4.864-.896 6.656 0 1.621.341 2.944 1.024 3.968.768.939 2.133 1.408 4.096 1.408 1.365 0 2.56-.256 3.584-.768a9.28 9.28 0 002.816-2.304c.853-1.024 1.621-2.219 2.304-3.584a61.024 61.024 0 002.048-4.608h5.376c-1.792 5.29-3.712 9.515-5.76 12.672-2.048 3.072-4.139 5.419-6.272 7.04-2.133 1.621-4.224 2.688-6.272 3.2-1.963.512-3.797.768-5.504.768-2.816 0-5.205-.384-7.168-1.152-1.877-.853-3.413-1.963-4.608-3.328a12.285 12.285 0 01-2.56-4.608 19.488 19.488 0 01-.768-5.376c0-2.133.299-4.65.896-7.552a332.86 332.86 0 011.92-8.96 209.226 209.226 0 002.048-8.704c.597-2.901.896-5.376.896-7.424zm39.025-34.688c0-2.816.981-5.205 2.944-7.168 1.963-2.048 4.352-3.072 7.168-3.072s5.205 1.024 7.168 3.072c2.048 1.963 3.072 4.352 3.072 7.168s-1.024 5.205-3.072 7.168c-1.963 1.963-4.352 2.944-7.168 2.944s-5.205-.981-7.168-2.944-2.944-4.352-2.944-7.168zM274.687 32l-9.216 43.52c-.341 1.45-.512 2.816-.512 4.096 0 1.792.427 3.03 1.28 3.712.853.683 2.176 1.024 3.968 1.024 2.475 0 4.779-1.067 6.912-3.2s3.669-4.821 4.608-8.064h5.376c-1.792 5.205-3.883 9.387-6.272 12.544-2.389 3.072-4.821 5.461-7.296 7.168-2.475 1.621-4.907 2.688-7.296 3.2-2.304.512-4.309.768-6.016.768-3.84 0-7.083-1.195-9.728-3.584-2.645-2.475-3.968-6.4-3.968-11.776 0-2.304.341-5.077 1.024-8.32L256.255 32h18.432zm24.397 38.144l-.256 2.048v1.92c0 1.28.085 2.56.256 3.84a11.236 11.236 0 001.28 3.328 6.645 6.645 0 002.432 2.432c1.024.597 2.347.896 3.968.896 2.475 0 5.077-.683 7.808-2.048 2.816-1.365 5.248-2.944 7.296-4.736-.683 3.67-1.749 6.741-3.2 9.216-1.365 2.39-3.029 4.31-4.992 5.76a18.374 18.374 0 01-6.528 3.072 30.495 30.495 0 01-7.424.896c-5.973 0-10.795-1.579-14.464-4.736-3.584-3.157-5.376-8.363-5.376-15.616 0-2.475.256-5.29.768-8.448.512-3.157 1.28-6.4 2.304-9.728a54.742 54.742 0 014.352-9.728 38.723 38.723 0 016.528-8.704c2.56-2.56 5.547-4.608 8.96-6.144 3.413-1.536 7.296-2.304 11.648-2.304 2.816 0 5.12.341 6.912 1.024 1.877.683 3.328 1.621 4.352 2.816 1.109 1.11 1.835 2.39 2.176 3.84.427 1.45.64 2.987.64 4.608 0 3.67-.811 7.083-2.432 10.24-1.621 3.072-3.797 5.803-6.528 8.192-2.731 2.304-5.888 4.181-9.472 5.632a36.839 36.839 0 01-11.008 2.432zm19.584-26.752c0-1.621-.256-2.901-.768-3.84-.427-.939-1.237-1.408-2.432-1.408-1.621 0-3.2.81-4.736 2.432-1.536 1.536-2.987 3.541-4.352 6.016-1.365 2.475-2.603 5.248-3.712 8.32A77.955 77.955 0 00299.98 64c2.475-.085 4.821-.725 7.04-1.92a21.322 21.322 0 006.016-4.608 22.767 22.767 0 004.096-6.4 19.901 19.901 0 001.536-7.68z"
        fill="#2E282A"
      />
    </svg>
    <ul
      className="sc-fzpans jTsslW"
      display="flex"
      height={
        Array [
          0,
          0,
          "fit-content",
        ]
      }
      overflow={
        Array [
          "hidden",
          "hidden",
          "visible",
        ]
      }
      width={
        Array [
          1,
          1,
          "auto",
        ]
      }
    >
      <li
        className="sc-fzplWN hfowge"
        fontFamily="body"
        fontSize={
          Array [
            1,
            2,
          ]
        }
        fontWeight="heading"
      >
        <a
          aria-current="page"
          href="/"
          onClick={[Function]}
        >
          <svg
            dangerouslySetInnerHTML={
              Object {
                "__html": "<path d=\\"M21.66 10.25l-9-8a1 1 0 0 0-1.32 0l-9 8a1 1 0 0 0-.27 1.11A1 1 0 0 0 3 12h1v9a1 1 0 0 0 1 1h14a1 1 0 0 0 1-1v-9h1a1 1 0 0 0 .93-.64a1 1 0 0 0-.27-1.11zM13 20h-2v-3a1 1 0 0 1 2 0zm5 0h-3v-3a3 3 0 0 0-6 0v3H6v-8h12zM5.63 10L12 4.34L18.37 10z\\" fill=\\"currentColor\\"/>",
              }
            }
            focusable={false}
            height="1em"
            preserveAspectRatio="xMidYMid meet"
            style={
              Object {
                "transform": "rotate(360deg)",
                "verticalAlign": "-0.125em",
              }
            }
            viewBox="0 0 24 24"
            width="1em"
            xmlns="http://www.w3.org/2000/svg"
          />
          Home
        </a>
      </li>
      <li
        className="sc-fzplWN kZpjky"
        fontFamily="body"
        fontSize={
          Array [
            1,
            2,
          ]
        }
        fontWeight="heading"
        onMouseEnter={[Function]}
        onMouseLeave={[Function]}
      >
        <a
          aria-current="page"
          href="/"
          onClick={[Function]}
        >
          <svg
            dangerouslySetInnerHTML={
              Object {
                "__html": "<path d=\\"M19 7h-3V6a4 4 0 0 0-8 0v1H5a1 1 0 0 0-1 1v11a3 3 0 0 0 3 3h10a3 3 0 0 0 3-3V8a1 1 0 0 0-1-1zm-9-1a2 2 0 0 1 4 0v1h-4zm8 13a1 1 0 0 1-1 1H7a1 1 0 0 1-1-1V9h2v1a1 1 0 0 0 2 0V9h4v1a1 1 0 0 0 2 0V9h2z\\" fill=\\"currentColor\\"/>",
              }
            }
            focusable={false}
            height="1em"
            preserveAspectRatio="xMidYMid meet"
            style={
              Object {
                "transform": "rotate(360deg)",
                "verticalAlign": "-0.125em",
              }
            }
            viewBox="0 0 24 24"
            width="1em"
            xmlns="http://www.w3.org/2000/svg"
          />
          Katalog
          <svg
            dangerouslySetInnerHTML={
              Object {
                "__html": "<path d=\\"M17 9.17a1 1 0 0 0-1.41 0L12 12.71L8.46 9.17a1 1 0 0 0-1.41 0a1 1 0 0 0 0 1.42l4.24 4.24a1 1 0 0 0 1.42 0L17 10.59a1 1 0 0 0 0-1.42z\\" fill=\\"currentColor\\"/>",
              }
            }
            focusable={false}
            height="1em"
            id="expand-svg"
            preserveAspectRatio="xMidYMid meet"
            style={
              Object {
                "transform": "rotate(360deg)",
                "verticalAlign": "-0.125em",
              }
            }
            viewBox="0 0 24 24"
            width="1em"
            xmlns="http://www.w3.org/2000/svg"
          />
        </a>
        <div
          className="sc-fzozJi kNjACt"
          display="flex"
          height={
            Array [
              0,
              0,
              "auto",
            ]
          }
          opacity={
            Array [
              1,
              1,
              0,
            ]
          }
          overflow="hidden"
          width={
            Array [
              1,
              1,
              0,
            ]
          }
        >
          <ul
            className="sc-AxheI eZjegr"
            display="block"
          >
            <li
              className="sc-Axmtr ghtafS"
              color="bg"
              fontFamily="body"
              fontSize={
                Array [
                  1,
                  2,
                  2,
                ]
              }
              fontWeight="bold"
              id="house"
              onMouseEnter={[Function]}
              onMouseLeave={[Function]}
            >
              <a
                aria-current="page"
                href="/"
                onClick={[Function]}
              >
                Rumah
              </a>
            </li>
            <li
              className="sc-Axmtr ghtafS"
              color="bg"
              fontFamily="body"
              fontSize={
                Array [
                  1,
                  2,
                  2,
                ]
              }
              fontWeight="bold"
              id="apartment"
              onMouseEnter={[Function]}
              onMouseLeave={[Function]}
            >
              <a
                aria-current="page"
                href="/"
                onClick={[Function]}
              >
                Apartment
              </a>
            </li>
            <li
              className="sc-Axmtr ghtafS"
              color="bg"
              fontFamily="body"
              fontSize={
                Array [
                  1,
                  2,
                  2,
                ]
              }
              fontWeight="bold"
              id="kavling"
              onMouseEnter={[Function]}
              onMouseLeave={[Function]}
            >
              <a
                aria-current="page"
                href="/"
                onClick={[Function]}
              >
                Kavling
              </a>
            </li>
            <li
              className="sc-Axmtr ghtafS"
              color="bg"
              fontFamily="body"
              fontSize={
                Array [
                  1,
                  2,
                  2,
                ]
              }
              fontWeight="bold"
              id="home-office"
              onMouseEnter={[Function]}
              onMouseLeave={[Function]}
            >
              <a
                aria-current="page"
                href="/"
                onClick={[Function]}
              >
                Ruko
              </a>
            </li>
          </ul>
          <div
            className="sc-AxmLO fuxBiu"
            display="flex"
            width={
              Array [
                0,
                0,
                "220px",
              ]
            }
          >
            <svg
              fill="none"
              height={220}
              id="house-svg"
              width={220}
            >
              <path
                d="M160.273 49.507V26.3h19.909v43.013l-19.909-19.806z"
                fill="url(#house-hover_svg__paint0_linear)"
              />
              <path
                d="M162.635 51.114v-20.27h14.848v38.469l-14.848-18.199z"
                fill="#2EC4B6"
              />
              <path
                d="M195.438 87.113H25.973c-3.87 0-7.006 1.803-7.006 4.033V220h183.486V91.146c0-2.23-3.145-4.033-7.015-4.033z"
                fill="url(#house-hover_svg__paint1_linear)"
              />
              <path
                d="M110.17 13.382L21.765 81.395v133.691h177.341V86.246L110.17 13.382z"
                fill="#fff"
              />
              <path
                d="M110.346 95.12c10.872 0 19.686-9.129 19.686-20.39 0-11.26-8.814-20.39-19.686-20.39-10.873 0-19.686 9.13-19.686 20.39 0 11.261 8.814 20.39 19.686 20.39z"
                fill="url(#house-hover_svg__paint2_linear)"
              />
              <path
                d="M181.353 114.053h-34.8v36.044h34.8v-36.044z"
                fill="url(#house-hover_svg__paint3_linear)"
              />
              <path
                d="M4.714 115.318L0 88.008 110.558 0 220 89.766l-3.037 24.503-106.421-83.174L4.714 115.318z"
                fill="url(#house-hover_svg__paint4_linear)"
              />
              <path
                d="M4.93 109.834l-3.243-18.87L110.532 2.995l107.781 87.976-3.263 18.852-104.535-85.327L4.93 109.834z"
                fill="#2EC4B6"
              />
              <path
                d="M131.439 154.829H88.905v60.257h42.534v-60.257z"
                fill="url(#house-hover_svg__paint5_linear)"
              />
              <path
                d="M130.208 156.104H90.133v58.982h40.075v-58.982zM180.125 115.325h-32.34v11.834h32.34v-11.834z"
                fill="#2EC4B6"
              />
              <path
                d="M180.125 127.159h-32.34v21.662h32.34v-21.662z"
                fill="#2EC4B6"
                opacity={0.2}
              />
              <path
                d="M110.17 93.117c2.356 0 4.689-.48 6.865-1.415a17.905 17.905 0 005.819-4.03 18.627 18.627 0 003.885-6.03 19.152 19.152 0 001.36-7.111H92.242c-.002 2.44.46 4.856 1.36 7.111.9 2.255 2.22 4.304 3.885 6.03a17.893 17.893 0 005.819 4.03 17.39 17.39 0 006.864 1.415z"
                fill="#2EC4B6"
              />
              <path
                d="M110.17 92.936c4.755 0 9.315-1.957 12.678-5.44 3.362-3.481 5.251-8.204 5.251-13.13H92.242c0 4.925 1.89 9.649 5.251 13.13 3.363 3.483 7.923 5.44 12.677 5.44z"
                fill="#000"
                opacity={0.2}
              />
              <path
                d="M110.17 55.98c-4.751 0-9.309 1.954-12.67 5.432-3.362 3.479-5.253 8.197-5.258 13.119H128.1c-.005-4.922-1.896-9.64-5.257-13.119-3.362-3.478-7.92-5.432-12.672-5.432z"
                fill="#2EC4B6"
                opacity={0.2}
              />
              <path
                d="M110.17 55.98c-4.751 0-9.309 1.954-12.67 5.432-3.362 3.479-5.253 8.197-5.258 13.119H128.1c-.005-4.922-1.896-9.64-5.257-13.119-3.362-3.478-7.92-5.432-12.672-5.432z"
                fill="#2EC4B6"
                opacity={0.2}
              />
              <path
                d="M169.296 177.448a12.763 12.763 0 01-2.497-4.69 13.048 13.048 0 01-.395-5.34 12.91 12.91 0 011.778-5.03 12.433 12.433 0 013.632-3.813 7.652 7.652 0 01-1.154-4.065 7.356 7.356 0 011.629-4.826 6.893 6.893 0 014.313-2.489 6.76 6.76 0 014.821 1.105 7.194 7.194 0 012.896 4.141 10.533 10.533 0 013.765-3.883 10.063 10.063 0 015.13-1.432c5.736 0 10.386 4.927 10.386 11.002a11.56 11.56 0 01-.634 3.799c.209 0 .422-.035.634-.035 4.606 0 8.338 3.953 8.338 8.832 0 .3 0 .597-.043.891a10.713 10.713 0 014.576 4.075 11.274 11.274 0 011.686 6.001c0 6.057-4.636 10.967-10.352 10.967a9.885 9.885 0 01-1.792-.167c.03.349.051.734.051 1.108 0 6.797-5.2 12.306-11.618 12.306a11.122 11.122 0 01-6.618-2.192 8.36 8.36 0 01-5.621 2.192c-4.792 0-8.679-4.118-8.679-9.196 0-.22 0-.437.03-.653h-.03c-5.133 0-9.293-4.408-9.293-9.846a10.127 10.127 0 011.352-5.111 9.682 9.682 0 013.709-3.651z"
                fill="url(#house-hover_svg__paint6_linear)"
              />
              <path
                d="M169.499 187.926a11.978 11.978 0 01-2.347-4.402 12.256 12.256 0 01-.372-5.015c.224-1.68.794-3.29 1.67-4.723a11.662 11.662 0 013.411-3.579 7.168 7.168 0 01-1.083-3.813 6.915 6.915 0 011.532-4.529 6.472 6.472 0 014.047-2.334 6.348 6.348 0 014.524 1.035 6.76 6.76 0 012.72 3.885 9.883 9.883 0 013.533-3.646 9.445 9.445 0 014.815-1.345c5.399 0 9.748 4.624 9.748 10.327.002 1.216-.2 2.422-.597 3.565.199 0 .395-.031.597-.031 4.323 0 7.826 3.712 7.826 8.29 0 .283 0 .563-.041.835a10.055 10.055 0 014.295 3.825 10.565 10.565 0 011.583 5.633c0 5.686-4.349 10.293-9.718 10.293a9.275 9.275 0 01-1.687-.158c.03.35.047.699.047 1.049 0 6.378-4.883 11.551-10.906 11.551-2.226 0-4.397-.72-6.209-2.059a7.847 7.847 0 01-5.271 2.059c-4.498 0-8.145-3.862-8.145-8.629 0-.207 0-.409.03-.612h-.03c-4.819 0-8.723-4.138-8.723-9.241a9.522 9.522 0 011.267-4.801 9.1 9.1 0 013.484-3.43z"
                fill="#00897B"
              />
              <path
                d="M185.196 184.704a10.378 10.378 0 002.666-6.962 10.605 10.605 0 00-1.32-5.091 10.161 10.161 0 00-3.573-3.755 6.152 6.152 0 001.013-3.401 6.177 6.177 0 00-6.172-6.179 6.002 6.002 0 00-3.669 1.211 6.362 6.362 0 00-2.253 3.235 9.398 9.398 0 00-3.384-3.276 9.009 9.009 0 00-4.492-1.17c-5.082 0-9.198 4.121-9.198 9.206a9.188 9.188 0 00.563 3.177c-.186 0-.375-.028-.563-.028a7.386 7.386 0 00-7.347 8.133 8.93 8.93 0 00-4.007 3.343 9.406 9.406 0 00-1.537 5.087c0 5.068 4.107 9.174 9.169 9.174.531 0 1.062-.047 1.586-.14-.027.305-.044.616-.044.927 0 5.686 4.606 10.296 10.288 10.296a10.236 10.236 0 005.858-1.835 7.651 7.651 0 004.991 1.856 7.689 7.689 0 007.687-7.689c0-.185 0-.35-.027-.545h.027c4.545 0 8.23-3.688 8.23-8.238a8.421 8.421 0 00-1.232-4.334 8.017 8.017 0 00-3.26-3.002z"
                fill="url(#house-hover_svg__paint7_linear)"
              />
              <path
                d="M183.226 195.207a9.936 9.936 0 002.564-6.665 10.158 10.158 0 00-1.266-4.867 9.745 9.745 0 00-3.417-3.588 5.911 5.911 0 00-4.93-9.167 5.744 5.744 0 00-3.513 1.159 6.086 6.086 0 00-2.156 3.098 9.004 9.004 0 00-3.239-3.137 8.626 8.626 0 00-4.3-1.12c-4.862 0-8.803 3.946-8.803 8.811a8.766 8.766 0 00.54 3.04c-.179 0-.358-.028-.54-.028a7.068 7.068 0 00-7.029 7.77 8.545 8.545 0 00-3.836 3.199 9.001 9.001 0 00-1.472 4.867c0 4.851 3.928 8.783 8.773 8.783.509 0 1.017-.045 1.519-.133a9.672 9.672 0 00-.041.888c0 5.442 4.411 9.856 9.847 9.856a9.791 9.791 0 005.608-1.748 7.313 7.313 0 004.761 1.748c4.049 0 7.356-3.296 7.356-7.361 0-.174 0-.349-.027-.52h.027c4.35 0 7.88-3.53 7.88-7.885a8.068 8.068 0 00-1.188-4.137 7.68 7.68 0 00-3.118-2.863z"
                fill="#009688"
              />
              <defs>
                <linearGradient
                  gradientUnits="userSpaceOnUse"
                  id="house-hover_svg__paint0_linear"
                  x1={160.273}
                  x2={180.182}
                  y1={47.808}
                  y2={47.808}
                >
                  <stop
                    stopColor="gray"
                    stopOpacity={0.25}
                  />
                  <stop
                    offset={0.54}
                    stopColor="gray"
                    stopOpacity={0.12}
                  />
                  <stop
                    offset={1}
                    stopColor="gray"
                    stopOpacity={0.1}
                  />
                </linearGradient>
                <linearGradient
                  gradientUnits="userSpaceOnUse"
                  id="house-hover_svg__paint1_linear"
                  x1={131960}
                  x2={131960}
                  y1={105097}
                  y2={54570.8}
                >
                  <stop
                    stopColor="gray"
                    stopOpacity={0.25}
                  />
                  <stop
                    offset={0.54}
                    stopColor="gray"
                    stopOpacity={0.12}
                  />
                  <stop
                    offset={1}
                    stopColor="gray"
                    stopOpacity={0.1}
                  />
                </linearGradient>
                <linearGradient
                  gradientUnits="userSpaceOnUse"
                  id="house-hover_svg__paint2_linear"
                  x1={22180.1}
                  x2={22180.1}
                  y1={15261.5}
                  y2={10503.3}
                >
                  <stop
                    stopColor="gray"
                    stopOpacity={0.25}
                  />
                  <stop
                    offset={0.54}
                    stopColor="gray"
                    stopOpacity={0.12}
                  />
                  <stop
                    offset={1}
                    stopColor="gray"
                    stopOpacity={0.1}
                  />
                </linearGradient>
                <linearGradient
                  gradientUnits="userSpaceOnUse"
                  id="house-hover_svg__paint3_linear"
                  x1={25199.1}
                  x2={25199.1}
                  y1={19224.9}
                  y2={15507.7}
                >
                  <stop
                    stopColor="gray"
                    stopOpacity={0.25}
                  />
                  <stop
                    offset={0.54}
                    stopColor="gray"
                    stopOpacity={0.12}
                  />
                  <stop
                    offset={1}
                    stopColor="gray"
                    stopOpacity={0.1}
                  />
                </linearGradient>
                <linearGradient
                  gradientUnits="userSpaceOnUse"
                  id="house-hover_svg__paint4_linear"
                  x1={123202}
                  x2={123202}
                  y1={49667.3}
                  y2={11618.3}
                >
                  <stop
                    stopColor="gray"
                    stopOpacity={0.25}
                  />
                  <stop
                    offset={0.54}
                    stopColor="gray"
                    stopOpacity={0.12}
                  />
                  <stop
                    offset={1}
                    stopColor="gray"
                    stopOpacity={0.1}
                  />
                </linearGradient>
                <linearGradient
                  gradientUnits="userSpaceOnUse"
                  id="house-hover_svg__paint5_linear"
                  x1={23930.2}
                  x2={23930.2}
                  y1={43308.7}
                  y2={32919.8}
                >
                  <stop
                    stopColor="gray"
                    stopOpacity={0.25}
                  />
                  <stop
                    offset={0.54}
                    stopColor="gray"
                    stopOpacity={0.12}
                  />
                  <stop
                    offset={1}
                    stopColor="gray"
                    stopOpacity={0.1}
                  />
                </linearGradient>
                <linearGradient
                  gradientUnits="userSpaceOnUse"
                  id="house-hover_svg__paint6_linear"
                  x1={-26921.9}
                  x2={-26921.9}
                  y1={44229.7}
                  y2={34342.6}
                >
                  <stop
                    stopColor="gray"
                    stopOpacity={0.25}
                  />
                  <stop
                    offset={0.54}
                    stopColor="gray"
                    stopOpacity={0.12}
                  />
                  <stop
                    offset={1}
                    stopColor="gray"
                    stopOpacity={0.1}
                  />
                </linearGradient>
                <linearGradient
                  gradientUnits="userSpaceOnUse"
                  id="house-hover_svg__paint7_linear"
                  x1={-27411.3}
                  x2={-27411.3}
                  y1={37417.9}
                  y2={30495.5}
                >
                  <stop
                    stopColor="gray"
                    stopOpacity={0.25}
                  />
                  <stop
                    offset={0.54}
                    stopColor="gray"
                    stopOpacity={0.12}
                  />
                  <stop
                    offset={1}
                    stopColor="gray"
                    stopOpacity={0.1}
                  />
                </linearGradient>
              </defs>
            </svg>
            <svg
              fill="none"
              height={220}
              id="apartment-svg"
              width={220}
            >
              <path
                d="M220 19.324H42.663V206.25H220V19.324z"
                fill="#fff"
              />
              <path
                d="M220 19.324H42.663V206.25H220V19.324z"
                fill="#000"
                opacity={0.1}
              />
              <path
                d="M199.367 57H0v162h199.367V57z"
                fill="#2EC4B6"
              />
              <path
                d="M204.646 0H58.017v220h146.629V0zM46.951 66.892H15.966V93.65H46.95V66.892zM46.951 112.229H15.966v26.757H46.95v-26.757zM46.951 157.567H15.966v26.757H46.95v-26.757z"
                fill="#fff"
              />
              <path
                d="M107.815 21.554H76.83v26.757h30.985V21.554zM107.815 66.892H76.83V93.65h30.985V66.892zM107.815 112.229H76.83v26.757h30.985v-26.757zM154.847 48.311h30.986V21.554h-30.986v26.757zM154.847 93.648h30.986V66.892h-30.986v26.756zM154.847 138.986h30.986V112.23h-30.986v26.756zM144.887 148.648h-27.112V220h27.112v-71.352z"
                fill="#2EC4B6"
              />
              <path
                d="M107.815 21.554H76.83v8.176h30.985v-8.176zM185.833 21.554h-30.986v8.176h30.986v-8.176zM185.833 66.892h-30.986v8.176h30.986v-8.176zM185.833 112.229h-30.986v8.176h30.986v-8.176zM107.815 66.892H76.83v8.176h30.985v-8.176zM107.815 112.229H76.83v8.176h30.985v-8.176zM46.951 66.892H15.966v6.318H46.95v-6.318zM46.951 112.229H15.966v6.318H46.95v-6.318zM46.951 157.567H15.966v6.318H46.95v-6.318z"
                fill="#000"
                opacity={0.1}
              />
            </svg>
            <svg
              fill="none"
              height={145}
              id="kavling-svg"
              width={220}
            >
              <path
                d="M106.385 36L220 64l-113.615 81L0 105l106.385-69z"
                fill="#2EC4B6"
              />
              <path
                d="M106.385 25L220 53l-113.615 81L0 94l106.385-69z"
                fill="#fff"
              />
              <path
                d="M109.318 4.2l7.327 8.4 8.29-8.4"
                stroke="#37474F"
                strokeMiterlimit={10}
              />
              <path
                d="M107.005 0h-4.628v33h4.628V0z"
                fill="url(#kavling_svg__paint0_linear)"
              />
              <path
                d="M107.005.6h-4.049v31.2h4.049V.6z"
                fill="#F5F5F5"
              />
              <path
                d="M130.141 1.2h-28.92v6h28.92v-6z"
                fill="url(#kavling_svg__paint1_linear)"
              />
              <path
                d="M101.799 1.8v4.8h27.764V1.8h-27.764z"
                fill="#F5F5F5"
              />
              <path
                d="M126.092 12h-17.93v13.8h17.93V12z"
                fill="url(#kavling_svg__paint2_linear)"
              />
              <path
                d="M126.092 12h-17.93v13.2h17.93V12z"
                fill="#2EC4B6"
              />
              <path
                d="M123.2 14.4h-12.725v1.2H123.2v-1.2zM121.465 16.8h-8.676V18h8.676v-1.2zM122.622 19.2h-10.99v1.2h10.99v-1.2zM123.2 21.6h-12.725v1.2H123.2v-1.2z"
                fill="#fff"
              />
              <defs>
                <linearGradient
                  gradientUnits="userSpaceOnUse"
                  id="kavling_svg__paint0_linear"
                  x1={311.621}
                  x2={311.621}
                  y1={24690.6}
                  y2={15450.6}
                >
                  <stop
                    stopColor="gray"
                    stopOpacity={0.25}
                  />
                  <stop
                    offset={0.54}
                    stopColor="gray"
                    stopOpacity={0.12}
                  />
                  <stop
                    offset={1}
                    stopColor="gray"
                    stopOpacity={0.1}
                  />
                </linearGradient>
                <linearGradient
                  gradientUnits="userSpaceOnUse"
                  id="kavling_svg__paint1_linear"
                  x1={4352.49}
                  x2={4352.49}
                  y1={3173.04}
                  y2={2879.76}
                >
                  <stop
                    stopColor="gray"
                    stopOpacity={0.25}
                  />
                  <stop
                    offset={0.54}
                    stopColor="gray"
                    stopOpacity={0.12}
                  />
                  <stop
                    offset={1}
                    stopColor="gray"
                    stopOpacity={0.1}
                  />
                </linearGradient>
                <linearGradient
                  gradientUnits="userSpaceOnUse"
                  id="kavling_svg__paint2_linear"
                  x1={1468.91}
                  x2={4544.89}
                  y1={8675.09}
                  y2={8675.09}
                >
                  <stop
                    stopColor="gray"
                    stopOpacity={0.25}
                  />
                  <stop
                    offset={0.54}
                    stopColor="gray"
                    stopOpacity={0.12}
                  />
                  <stop
                    offset={1}
                    stopColor="gray"
                    stopOpacity={0.1}
                  />
                </linearGradient>
              </defs>
            </svg>
            <svg
              fill="none"
              height={220}
              id="home-office-svg"
              width={220}
            >
              <path
                d="M8.943 41.429L0 35.714 50.081 0h126.992v31.428L94.797 75.715 8.943 41.43z"
                fill="#2EC4B6"
              />
              <path
                d="M200.226 20.034V.714h-16.86v4.73L177.073.001l-41.138 35.714-16.098 8.572-24.96 145.649L132.52 220H220V37.143l-19.774-17.11z"
                fill="#EDEDED"
              />
              <path
                d="M135.935 35.714H0V220h135.935V35.714z"
                fill="#fff"
              />
              <path
                d="M77.805 175h-25.04v45h25.04v-45z"
                fill="#EDEDED"
              />
              <path
                d="M25.935 187.857v-7.143H15.203v7.143h10.732zM25.04 193.571h-9.837v7.143h10.732v-7.143h-.895zM43.821 180.714H33.09v7.143h10.732v-7.143zM43.821 193.571H33.09v7.143h10.732v-7.143zM99.268 187.857v-7.143H88.537v7.143h10.731zM98.374 193.571h-9.837v7.143h10.731v-7.143h-.894zM117.155 180.714h-10.732v7.143h10.732v-7.143zM117.155 193.571h-10.732v7.143h10.732v-7.143zM174.39 45v-7.143h-10.732V45h10.732zM173.496 50.714h-9.838v7.143h10.732v-7.143h-.894zM192.277 37.857h-10.732V45h10.732v-7.143zM192.277 50.714h-10.732v7.143h10.732v-7.143zM174.39 85v-7.143h-10.732V85h10.732zM173.496 90.714h-9.838v7.143h10.732v-7.143h-.894zM192.277 77.857h-10.732V85h10.732v-7.143zM192.277 90.714h-10.732v7.143h10.732v-7.143zM174.39 125v-7.143h-10.732V125h10.732zM173.496 130.714h-9.838v7.143h10.732v-7.143h-.894zM192.277 117.857h-10.732V125h10.732v-7.143zM192.277 130.714h-10.732v7.143h10.732v-7.143zM174.39 165v-7.143h-10.732V165h10.732zM173.496 170.714h-9.838v7.143h10.732v-7.143h-.894zM192.277 157.857h-10.732V165h10.732v-7.143zM192.277 170.714h-10.732v7.143h10.732v-7.143zM118.943 45H15.203v17.143h103.74V45zM118.943 79.286H15.203v17.142h103.74V79.287zM118.943 113.571H15.203v17.143h103.74v-17.143zM118.943 147.857H15.203V165h103.74v-17.143z"
                fill="#2EC4B6"
              />
            </svg>
          </div>
        </div>
      </li>
      <button
        className="sc-fzoLsD cmsPyc"
        display={
          Array [
            "block",
            "block",
            "none",
          ]
        }
        fontFamily="body"
        fontSize={
          Array [
            1,
            1,
            2,
            2,
          ]
        }
        fontWeight="bold"
        onClick={[Function]}
      >
        Hubungi Saya!
      </button>
    </ul>
    <span
      onClick={[Function]}
      onKeyDown={[Function]}
      role="button"
      tabIndex={0}
    >
      <svg
        dangerouslySetInnerHTML={
          Object {
            "__html": "<path d=\\"M3 8h18a1 1 0 0 0 0-2H3a1 1 0 0 0 0 2zm18 8H3a1 1 0 0 0 0 2h18a1 1 0 0 0 0-2zm0-5H3a1 1 0 0 0 0 2h18a1 1 0 0 0 0-2z\\" fill=\\"#2E282A\\"/>",
          }
        }
        focusable={false}
        height="1em"
        id="menu"
        preserveAspectRatio="xMidYMid meet"
        style={
          Object {
            "transform": "rotate(360deg)",
          }
        }
        viewBox="0 0 24 24"
        width="1em"
        xmlns="http://www.w3.org/2000/svg"
      />
    </span>
    <button
      className="sc-fzoLsD gRCgbK"
      display={
        Array [
          "none",
          "none",
          "block",
        ]
      }
      fontFamily="body"
      fontSize={
        Array [
          1,
          1,
          2,
          2,
        ]
      }
      fontWeight="bold"
      onClick={[Function]}
      width="fit-content"
    >
      Hubungi Saya!
    </button>
  </div>
</nav>
`;
