// Jest Snapshot v1, https://goo.gl/fbAQLP

exports[`Select component matches snapshot 1`] = `
<div
  className="sc-AxheI ilifEw"
  width={1}
>
  <label
    className="sc-AxmLO bESIUJ"
    fontFamily="body"
    fontSize={
      Array [
        1,
        1,
        2,
        2,
      ]
    }
    fontWeight="bold"
    for="test-select"
    htmlFor="test-select"
  >
    
    <svg
      dangerouslySetInnerHTML={
        Object {
          "__html": "<path d=\\"M17 9.17a1 1 0 0 0-1.41 0L12 12.71L8.46 9.17a1 1 0 0 0-1.41 0a1 1 0 0 0 0 1.42l4.24 4.24a1 1 0 0 0 1.42 0L17 10.59a1 1 0 0 0 0-1.42z\\" fill=\\"#C3C2C2\\"/>",
        }
      }
      focusable={false}
      height="1em"
      preserveAspectRatio="xMidYMid meet"
      style={
        Object {
          "transform": "rotate(360deg)",
        }
      }
      viewBox="0 0 24 24"
      width="1em"
      xmlns="http://www.w3.org/2000/svg"
    />
    <input
      id="test-select"
      onChange={[Function]}
      type="checkbox"
    />
  </label>
</div>
`;
